// Jest Snapshot v1, https://goo.gl/fbAQLP

exports[`<MarketListPage/> Should render the page correctly 1`] = `
<DocumentFragment>
  <div
    class="ion-page safe-area-top bg-lines"
  >
    <div
      class="flex flex-col flex-1 overflow-y-auto ease-in-out"
      id="keyboardAwareView"
    >
      <div
        class="flex flex-col h-full"
      >
        <div
          class="flex flex-wrap items-center w-full px-6 py-5"
        >
          <button
            aria-label="MARKET_BACK_BUTTON"
            class="justify-center text-white inline-flex"
            title="Go back"
            type="button"
          >
            <ion-icon
              class="text-3xl"
              icon="data:image/svg+xml;utf8,<svg xmlns='http://www.w3.org/2000/svg' class='ionicon' viewBox='0 0 512 512'><title>Chevron Back</title><path stroke-linecap='round' stroke-linejoin='round' stroke-width='48' d='M328 112L184 256l144 144' class='ionicon-fill-none'/></svg>"
            />
          </button>
          <div
            class="flex-1 mr-7"
          >
            <h1
              aria-label="MARKET_TITLE_LABEL"
              class="text-xl capitalize border-white font-medium text-center text-white m-auto"
            >
              MARKET_LIST_TEST
            </h1>
          </div>
        </div>
        <div
          class="mb-5 px-6"
        >
          <div
            aria-label="MARKET_SEARCH_FIELD"
            class="flex items-center w-full px-2 py-0 border-2 border-white rounded-lg select-none bg-none"
            style="min-height: 48px;"
          >
            <svg
              fill="none"
              height="21"
              viewBox="0 0 20 21"
              width="20"
              xmlns="http://www.w3.org/2000/svg"
            >
              <path
                clip-rule="evenodd"
                d="M14.085 13.35a7.745 7.745 0 001.51-4.592c0-4.299-3.498-7.797-7.798-7.797C3.498.961 0 4.459 0 8.758c0 4.3 3.498 7.798 7.797 7.798a7.745 7.745 0 004.592-1.51l5.108 5.108 1.696-1.696-5.108-5.108zm-6.288.806A5.404 5.404 0 012.4 8.758 5.404 5.404 0 017.797 3.36a5.404 5.404 0 015.398 5.398 5.404 5.404 0 01-5.398 5.398z"
                fill="#fff"
                fill-rule="evenodd"
              />
            </svg>
            <input
              class="w-full ml-3 text-xl text-white bg-transparent placeholder-white-faded"
              placeholder="market.component.search"
              value=""
            />
          </div>
        </div>
        <div
          class="flex flex-row justify-around background-dark-blue-3 py-4 text-white"
        >
          <button
            aria-label="MARKET_1H_BUTTON"
            class="p-2"
          >
            1H
          </button>
          <button
            aria-label="MARKET_24H_BUTTON"
            class="p-2 background-light-blue-1 rounded-md"
          >
            24H
          </button>
          <button
            aria-label="MARKET_1W_BUTTON"
            class="p-2"
          >
            1W
          </button>
          <button
            aria-label="MARKET_1M_BUTTON"
            class="p-2"
          >
            1M
          </button>
          <button
            aria-label="MARKET_1Y_BUTTON"
            class="p-2"
          >
            1Y
          </button>
          <button
            aria-label="MARKET_ALL_BUTTON"
            class="p-2"
          >
            All
          </button>
        </div>
        <div
          class="divide-y divide-white"
          data-testid="crypto-currency-list-skeleton"
        >
          <svg
            aria-labelledby="crypto-currency-item-skeleton-aria"
            height="78"
            role="img"
            style="background: rgb(74, 198, 248);"
            width="100%"
          >
            <title
              id="crypto-currency-item-skeleton-aria"
            >
              Loading...
            </title>
            <rect
              clip-path="url(#crypto-currency-item-skeleton-diff)"
              height="100%"
              role="presentation"
              style="fill: url(#crypto-currency-item-skeleton-animated-diff);"
              width="100%"
              x="0"
              y="0"
            />
            <defs
              role="presentation"
            >
              <clippath
                id="crypto-currency-item-skeleton-diff"
              >
                <rect
                  height="43"
                  rx="4"
                  ry="4"
                  width="43"
                  x="24"
                  y="17"
                />
                <rect
                  height="10"
                  rx="4"
                  ry="4"
                  width="112"
                  x="76"
                  y="25"
                />
                <rect
                  height="10"
                  rx="4"
                  ry="4"
                  width="112"
                  x="76"
                  y="43"
                />
                <rect
                  height="10"
                  rx="4"
                  ry="4"
                  width="80"
                  x="271"
                  y="25"
                />
                <rect
                  height="10"
                  rx="4"
                  ry="4"
                  width="80"
                  x="271"
                  y="43"
                />
              </clippath>
              <lineargradient
                id="crypto-currency-item-skeleton-animated-diff"
              >
                <stop
                  offset="0%"
                  stop-color="#80DAFE"
                  stop-opacity="1"
                >
                  <animate
                    attributeName="offset"
                    dur="1.5s"
                    keyTimes="0; 0.25; 1"
                    repeatCount="indefinite"
                    values="-0.6; -0.6; 1"
                  />
                </stop>
                <stop
                  offset="50%"
                  stop-color="#E4F8FF"
                  stop-opacity="0.8"
                >
                  <animate
                    attributeName="offset"
                    dur="1.5s"
                    keyTimes="0; 0.25; 1"
                    repeatCount="indefinite"
                    values="-0.3; -0.3; 1.3"
                  />
                </stop>
                <stop
                  offset="100%"
                  stop-color="#80DAFE"
                  stop-opacity="1"
                >
                  <animate
                    attributeName="offset"
                    dur="1.5s"
                    keyTimes="0; 0.25; 1"
                    repeatCount="indefinite"
                    values="0; 0; 1.6"
                  />
                </stop>
              </lineargradient>
            </defs>
          </svg>
          <svg
            aria-labelledby="crypto-currency-item-skeleton-aria"
            height="78"
            role="img"
            style="background: rgb(74, 198, 248);"
            width="100%"
          >
            <title
              id="crypto-currency-item-skeleton-aria"
            >
              Loading...
            </title>
            <rect
              clip-path="url(#crypto-currency-item-skeleton-diff)"
              height="100%"
              role="presentation"
              style="fill: url(#crypto-currency-item-skeleton-animated-diff);"
              width="100%"
              x="0"
              y="0"
            />
            <defs
              role="presentation"
            >
              <clippath
                id="crypto-currency-item-skeleton-diff"
              >
                <rect
                  height="43"
                  rx="4"
                  ry="4"
                  width="43"
                  x="24"
                  y="17"
                />
                <rect
                  height="10"
                  rx="4"
                  ry="4"
                  width="112"
                  x="76"
                  y="25"
                />
                <rect
                  height="10"
                  rx="4"
                  ry="4"
                  width="112"
                  x="76"
                  y="43"
                />
                <rect
                  height="10"
                  rx="4"
                  ry="4"
                  width="80"
                  x="271"
                  y="25"
                />
                <rect
                  height="10"
                  rx="4"
                  ry="4"
                  width="80"
                  x="271"
                  y="43"
                />
              </clippath>
              <lineargradient
                id="crypto-currency-item-skeleton-animated-diff"
              >
                <stop
                  offset="0%"
                  stop-color="#80DAFE"
                  stop-opacity="1"
                >
                  <animate
                    attributeName="offset"
                    dur="1.5s"
                    keyTimes="0; 0.25; 1"
                    repeatCount="indefinite"
                    values="-0.6; -0.6; 1"
                  />
                </stop>
                <stop
                  offset="50%"
                  stop-color="#E4F8FF"
                  stop-opacity="0.8"
                >
                  <animate
                    attributeName="offset"
                    dur="1.5s"
                    keyTimes="0; 0.25; 1"
                    repeatCount="indefinite"
                    values="-0.3; -0.3; 1.3"
                  />
                </stop>
                <stop
                  offset="100%"
                  stop-color="#80DAFE"
                  stop-opacity="1"
                >
                  <animate
                    attributeName="offset"
                    dur="1.5s"
                    keyTimes="0; 0.25; 1"
                    repeatCount="indefinite"
                    values="0; 0; 1.6"
                  />
                </stop>
              </lineargradient>
            </defs>
          </svg>
          <svg
            aria-labelledby="crypto-currency-item-skeleton-aria"
            height="78"
            role="img"
            style="background: rgb(74, 198, 248);"
            width="100%"
          >
            <title
              id="crypto-currency-item-skeleton-aria"
            >
              Loading...
            </title>
            <rect
              clip-path="url(#crypto-currency-item-skeleton-diff)"
              height="100%"
              role="presentation"
              style="fill: url(#crypto-currency-item-skeleton-animated-diff);"
              width="100%"
              x="0"
              y="0"
            />
            <defs
              role="presentation"
            >
              <clippath
                id="crypto-currency-item-skeleton-diff"
              >
                <rect
                  height="43"
                  rx="4"
                  ry="4"
                  width="43"
                  x="24"
                  y="17"
                />
                <rect
                  height="10"
                  rx="4"
                  ry="4"
                  width="112"
                  x="76"
                  y="25"
                />
                <rect
                  height="10"
                  rx="4"
                  ry="4"
                  width="112"
                  x="76"
                  y="43"
                />
                <rect
                  height="10"
                  rx="4"
                  ry="4"
                  width="80"
                  x="271"
                  y="25"
                />
                <rect
                  height="10"
                  rx="4"
                  ry="4"
                  width="80"
                  x="271"
                  y="43"
                />
              </clippath>
              <lineargradient
                id="crypto-currency-item-skeleton-animated-diff"
              >
                <stop
                  offset="0%"
                  stop-color="#80DAFE"
                  stop-opacity="1"
                >
                  <animate
                    attributeName="offset"
                    dur="1.5s"
                    keyTimes="0; 0.25; 1"
                    repeatCount="indefinite"
                    values="-0.6; -0.6; 1"
                  />
                </stop>
                <stop
                  offset="50%"
                  stop-color="#E4F8FF"
                  stop-opacity="0.8"
                >
                  <animate
                    attributeName="offset"
                    dur="1.5s"
                    keyTimes="0; 0.25; 1"
                    repeatCount="indefinite"
                    values="-0.3; -0.3; 1.3"
                  />
                </stop>
                <stop
                  offset="100%"
                  stop-color="#80DAFE"
                  stop-opacity="1"
                >
                  <animate
                    attributeName="offset"
                    dur="1.5s"
                    keyTimes="0; 0.25; 1"
                    repeatCount="indefinite"
                    values="0; 0; 1.6"
                  />
                </stop>
              </lineargradient>
            </defs>
          </svg>
          <svg
            aria-labelledby="crypto-currency-item-skeleton-aria"
            height="78"
            role="img"
            style="background: rgb(74, 198, 248);"
            width="100%"
          >
            <title
              id="crypto-currency-item-skeleton-aria"
            >
              Loading...
            </title>
            <rect
              clip-path="url(#crypto-currency-item-skeleton-diff)"
              height="100%"
              role="presentation"
              style="fill: url(#crypto-currency-item-skeleton-animated-diff);"
              width="100%"
              x="0"
              y="0"
            />
            <defs
              role="presentation"
            >
              <clippath
                id="crypto-currency-item-skeleton-diff"
              >
                <rect
                  height="43"
                  rx="4"
                  ry="4"
                  width="43"
                  x="24"
                  y="17"
                />
                <rect
                  height="10"
                  rx="4"
                  ry="4"
                  width="112"
                  x="76"
                  y="25"
                />
                <rect
                  height="10"
                  rx="4"
                  ry="4"
                  width="112"
                  x="76"
                  y="43"
                />
                <rect
                  height="10"
                  rx="4"
                  ry="4"
                  width="80"
                  x="271"
                  y="25"
                />
                <rect
                  height="10"
                  rx="4"
                  ry="4"
                  width="80"
                  x="271"
                  y="43"
                />
              </clippath>
              <lineargradient
                id="crypto-currency-item-skeleton-animated-diff"
              >
                <stop
                  offset="0%"
                  stop-color="#80DAFE"
                  stop-opacity="1"
                >
                  <animate
                    attributeName="offset"
                    dur="1.5s"
                    keyTimes="0; 0.25; 1"
                    repeatCount="indefinite"
                    values="-0.6; -0.6; 1"
                  />
                </stop>
                <stop
                  offset="50%"
                  stop-color="#E4F8FF"
                  stop-opacity="0.8"
                >
                  <animate
                    attributeName="offset"
                    dur="1.5s"
                    keyTimes="0; 0.25; 1"
                    repeatCount="indefinite"
                    values="-0.3; -0.3; 1.3"
                  />
                </stop>
                <stop
                  offset="100%"
                  stop-color="#80DAFE"
                  stop-opacity="1"
                >
                  <animate
                    attributeName="offset"
                    dur="1.5s"
                    keyTimes="0; 0.25; 1"
                    repeatCount="indefinite"
                    values="0; 0; 1.6"
                  />
                </stop>
              </lineargradient>
            </defs>
          </svg>
          <svg
            aria-labelledby="crypto-currency-item-skeleton-aria"
            height="78"
            role="img"
            style="background: rgb(74, 198, 248);"
            width="100%"
          >
            <title
              id="crypto-currency-item-skeleton-aria"
            >
              Loading...
            </title>
            <rect
              clip-path="url(#crypto-currency-item-skeleton-diff)"
              height="100%"
              role="presentation"
              style="fill: url(#crypto-currency-item-skeleton-animated-diff);"
              width="100%"
              x="0"
              y="0"
            />
            <defs
              role="presentation"
            >
              <clippath
                id="crypto-currency-item-skeleton-diff"
              >
                <rect
                  height="43"
                  rx="4"
                  ry="4"
                  width="43"
                  x="24"
                  y="17"
                />
                <rect
                  height="10"
                  rx="4"
                  ry="4"
                  width="112"
                  x="76"
                  y="25"
                />
                <rect
                  height="10"
                  rx="4"
                  ry="4"
                  width="112"
                  x="76"
                  y="43"
                />
                <rect
                  height="10"
                  rx="4"
                  ry="4"
                  width="80"
                  x="271"
                  y="25"
                />
                <rect
                  height="10"
                  rx="4"
                  ry="4"
                  width="80"
                  x="271"
                  y="43"
                />
              </clippath>
              <lineargradient
                id="crypto-currency-item-skeleton-animated-diff"
              >
                <stop
                  offset="0%"
                  stop-color="#80DAFE"
                  stop-opacity="1"
                >
                  <animate
                    attributeName="offset"
                    dur="1.5s"
                    keyTimes="0; 0.25; 1"
                    repeatCount="indefinite"
                    values="-0.6; -0.6; 1"
                  />
                </stop>
                <stop
                  offset="50%"
                  stop-color="#E4F8FF"
                  stop-opacity="0.8"
                >
                  <animate
                    attributeName="offset"
                    dur="1.5s"
                    keyTimes="0; 0.25; 1"
                    repeatCount="indefinite"
                    values="-0.3; -0.3; 1.3"
                  />
                </stop>
                <stop
                  offset="100%"
                  stop-color="#80DAFE"
                  stop-opacity="1"
                >
                  <animate
                    attributeName="offset"
                    dur="1.5s"
                    keyTimes="0; 0.25; 1"
                    repeatCount="indefinite"
                    values="0; 0; 1.6"
                  />
                </stop>
              </lineargradient>
            </defs>
          </svg>
          <svg
            aria-labelledby="crypto-currency-item-skeleton-aria"
            height="78"
            role="img"
            style="background: rgb(74, 198, 248);"
            width="100%"
          >
            <title
              id="crypto-currency-item-skeleton-aria"
            >
              Loading...
            </title>
            <rect
              clip-path="url(#crypto-currency-item-skeleton-diff)"
              height="100%"
              role="presentation"
              style="fill: url(#crypto-currency-item-skeleton-animated-diff);"
              width="100%"
              x="0"
              y="0"
            />
            <defs
              role="presentation"
            >
              <clippath
                id="crypto-currency-item-skeleton-diff"
              >
                <rect
                  height="43"
                  rx="4"
                  ry="4"
                  width="43"
                  x="24"
                  y="17"
                />
                <rect
                  height="10"
                  rx="4"
                  ry="4"
                  width="112"
                  x="76"
                  y="25"
                />
                <rect
                  height="10"
                  rx="4"
                  ry="4"
                  width="112"
                  x="76"
                  y="43"
                />
                <rect
                  height="10"
                  rx="4"
                  ry="4"
                  width="80"
                  x="271"
                  y="25"
                />
                <rect
                  height="10"
                  rx="4"
                  ry="4"
                  width="80"
                  x="271"
                  y="43"
                />
              </clippath>
              <lineargradient
                id="crypto-currency-item-skeleton-animated-diff"
              >
                <stop
                  offset="0%"
                  stop-color="#80DAFE"
                  stop-opacity="1"
                >
                  <animate
                    attributeName="offset"
                    dur="1.5s"
                    keyTimes="0; 0.25; 1"
                    repeatCount="indefinite"
                    values="-0.6; -0.6; 1"
                  />
                </stop>
                <stop
                  offset="50%"
                  stop-color="#E4F8FF"
                  stop-opacity="0.8"
                >
                  <animate
                    attributeName="offset"
                    dur="1.5s"
                    keyTimes="0; 0.25; 1"
                    repeatCount="indefinite"
                    values="-0.3; -0.3; 1.3"
                  />
                </stop>
                <stop
                  offset="100%"
                  stop-color="#80DAFE"
                  stop-opacity="1"
                >
                  <animate
                    attributeName="offset"
                    dur="1.5s"
                    keyTimes="0; 0.25; 1"
                    repeatCount="indefinite"
                    values="0; 0; 1.6"
                  />
                </stop>
              </lineargradient>
            </defs>
          </svg>
          <svg
            aria-labelledby="crypto-currency-item-skeleton-aria"
            height="78"
            role="img"
            style="background: rgb(74, 198, 248);"
            width="100%"
          >
            <title
              id="crypto-currency-item-skeleton-aria"
            >
              Loading...
            </title>
            <rect
              clip-path="url(#crypto-currency-item-skeleton-diff)"
              height="100%"
              role="presentation"
              style="fill: url(#crypto-currency-item-skeleton-animated-diff);"
              width="100%"
              x="0"
              y="0"
            />
            <defs
              role="presentation"
            >
              <clippath
                id="crypto-currency-item-skeleton-diff"
              >
                <rect
                  height="43"
                  rx="4"
                  ry="4"
                  width="43"
                  x="24"
                  y="17"
                />
                <rect
                  height="10"
                  rx="4"
                  ry="4"
                  width="112"
                  x="76"
                  y="25"
                />
                <rect
                  height="10"
                  rx="4"
                  ry="4"
                  width="112"
                  x="76"
                  y="43"
                />
                <rect
                  height="10"
                  rx="4"
                  ry="4"
                  width="80"
                  x="271"
                  y="25"
                />
                <rect
                  height="10"
                  rx="4"
                  ry="4"
                  width="80"
                  x="271"
                  y="43"
                />
              </clippath>
              <lineargradient
                id="crypto-currency-item-skeleton-animated-diff"
              >
                <stop
                  offset="0%"
                  stop-color="#80DAFE"
                  stop-opacity="1"
                >
                  <animate
                    attributeName="offset"
                    dur="1.5s"
                    keyTimes="0; 0.25; 1"
                    repeatCount="indefinite"
                    values="-0.6; -0.6; 1"
                  />
                </stop>
                <stop
                  offset="50%"
                  stop-color="#E4F8FF"
                  stop-opacity="0.8"
                >
                  <animate
                    attributeName="offset"
                    dur="1.5s"
                    keyTimes="0; 0.25; 1"
                    repeatCount="indefinite"
                    values="-0.3; -0.3; 1.3"
                  />
                </stop>
                <stop
                  offset="100%"
                  stop-color="#80DAFE"
                  stop-opacity="1"
                >
                  <animate
                    attributeName="offset"
                    dur="1.5s"
                    keyTimes="0; 0.25; 1"
                    repeatCount="indefinite"
                    values="0; 0; 1.6"
                  />
                </stop>
              </lineargradient>
            </defs>
          </svg>
          <svg
            aria-labelledby="crypto-currency-item-skeleton-aria"
            height="78"
            role="img"
            style="background: rgb(74, 198, 248);"
            width="100%"
          >
            <title
              id="crypto-currency-item-skeleton-aria"
            >
              Loading...
            </title>
            <rect
              clip-path="url(#crypto-currency-item-skeleton-diff)"
              height="100%"
              role="presentation"
              style="fill: url(#crypto-currency-item-skeleton-animated-diff);"
              width="100%"
              x="0"
              y="0"
            />
            <defs
              role="presentation"
            >
              <clippath
                id="crypto-currency-item-skeleton-diff"
              >
                <rect
                  height="43"
                  rx="4"
                  ry="4"
                  width="43"
                  x="24"
                  y="17"
                />
                <rect
                  height="10"
                  rx="4"
                  ry="4"
                  width="112"
                  x="76"
                  y="25"
                />
                <rect
                  height="10"
                  rx="4"
                  ry="4"
                  width="112"
                  x="76"
                  y="43"
                />
                <rect
                  height="10"
                  rx="4"
                  ry="4"
                  width="80"
                  x="271"
                  y="25"
                />
                <rect
                  height="10"
                  rx="4"
                  ry="4"
                  width="80"
                  x="271"
                  y="43"
                />
              </clippath>
              <lineargradient
                id="crypto-currency-item-skeleton-animated-diff"
              >
                <stop
                  offset="0%"
                  stop-color="#80DAFE"
                  stop-opacity="1"
                >
                  <animate
                    attributeName="offset"
                    dur="1.5s"
                    keyTimes="0; 0.25; 1"
                    repeatCount="indefinite"
                    values="-0.6; -0.6; 1"
                  />
                </stop>
                <stop
                  offset="50%"
                  stop-color="#E4F8FF"
                  stop-opacity="0.8"
                >
                  <animate
                    attributeName="offset"
                    dur="1.5s"
                    keyTimes="0; 0.25; 1"
                    repeatCount="indefinite"
                    values="-0.3; -0.3; 1.3"
                  />
                </stop>
                <stop
                  offset="100%"
                  stop-color="#80DAFE"
                  stop-opacity="1"
                >
                  <animate
                    attributeName="offset"
                    dur="1.5s"
                    keyTimes="0; 0.25; 1"
                    repeatCount="indefinite"
                    values="0; 0; 1.6"
                  />
                </stop>
              </lineargradient>
            </defs>
          </svg>
          <svg
            aria-labelledby="crypto-currency-item-skeleton-aria"
            height="78"
            role="img"
            style="background: rgb(74, 198, 248);"
            width="100%"
          >
            <title
              id="crypto-currency-item-skeleton-aria"
            >
              Loading...
            </title>
            <rect
              clip-path="url(#crypto-currency-item-skeleton-diff)"
              height="100%"
              role="presentation"
              style="fill: url(#crypto-currency-item-skeleton-animated-diff);"
              width="100%"
              x="0"
              y="0"
            />
            <defs
              role="presentation"
            >
              <clippath
                id="crypto-currency-item-skeleton-diff"
              >
                <rect
                  height="43"
                  rx="4"
                  ry="4"
                  width="43"
                  x="24"
                  y="17"
                />
                <rect
                  height="10"
                  rx="4"
                  ry="4"
                  width="112"
                  x="76"
                  y="25"
                />
                <rect
                  height="10"
                  rx="4"
                  ry="4"
                  width="112"
                  x="76"
                  y="43"
                />
                <rect
                  height="10"
                  rx="4"
                  ry="4"
                  width="80"
                  x="271"
                  y="25"
                />
                <rect
                  height="10"
                  rx="4"
                  ry="4"
                  width="80"
                  x="271"
                  y="43"
                />
              </clippath>
              <lineargradient
                id="crypto-currency-item-skeleton-animated-diff"
              >
                <stop
                  offset="0%"
                  stop-color="#80DAFE"
                  stop-opacity="1"
                >
                  <animate
                    attributeName="offset"
                    dur="1.5s"
                    keyTimes="0; 0.25; 1"
                    repeatCount="indefinite"
                    values="-0.6; -0.6; 1"
                  />
                </stop>
                <stop
                  offset="50%"
                  stop-color="#E4F8FF"
                  stop-opacity="0.8"
                >
                  <animate
                    attributeName="offset"
                    dur="1.5s"
                    keyTimes="0; 0.25; 1"
                    repeatCount="indefinite"
                    values="-0.3; -0.3; 1.3"
                  />
                </stop>
                <stop
                  offset="100%"
                  stop-color="#80DAFE"
                  stop-opacity="1"
                >
                  <animate
                    attributeName="offset"
                    dur="1.5s"
                    keyTimes="0; 0.25; 1"
                    repeatCount="indefinite"
                    values="0; 0; 1.6"
                  />
                </stop>
              </lineargradient>
            </defs>
          </svg>
          <svg
            aria-labelledby="crypto-currency-item-skeleton-aria"
            height="78"
            role="img"
            style="background: rgb(74, 198, 248);"
            width="100%"
          >
            <title
              id="crypto-currency-item-skeleton-aria"
            >
              Loading...
            </title>
            <rect
              clip-path="url(#crypto-currency-item-skeleton-diff)"
              height="100%"
              role="presentation"
              style="fill: url(#crypto-currency-item-skeleton-animated-diff);"
              width="100%"
              x="0"
              y="0"
            />
            <defs
              role="presentation"
            >
              <clippath
                id="crypto-currency-item-skeleton-diff"
              >
                <rect
                  height="43"
                  rx="4"
                  ry="4"
                  width="43"
                  x="24"
                  y="17"
                />
                <rect
                  height="10"
                  rx="4"
                  ry="4"
                  width="112"
                  x="76"
                  y="25"
                />
                <rect
                  height="10"
                  rx="4"
                  ry="4"
                  width="112"
                  x="76"
                  y="43"
                />
                <rect
                  height="10"
                  rx="4"
                  ry="4"
                  width="80"
                  x="271"
                  y="25"
                />
                <rect
                  height="10"
                  rx="4"
                  ry="4"
                  width="80"
                  x="271"
                  y="43"
                />
              </clippath>
              <lineargradient
                id="crypto-currency-item-skeleton-animated-diff"
              >
                <stop
                  offset="0%"
                  stop-color="#80DAFE"
                  stop-opacity="1"
                >
                  <animate
                    attributeName="offset"
                    dur="1.5s"
                    keyTimes="0; 0.25; 1"
                    repeatCount="indefinite"
                    values="-0.6; -0.6; 1"
                  />
                </stop>
                <stop
                  offset="50%"
                  stop-color="#E4F8FF"
                  stop-opacity="0.8"
                >
                  <animate
                    attributeName="offset"
                    dur="1.5s"
                    keyTimes="0; 0.25; 1"
                    repeatCount="indefinite"
                    values="-0.3; -0.3; 1.3"
                  />
                </stop>
                <stop
                  offset="100%"
                  stop-color="#80DAFE"
                  stop-opacity="1"
                >
                  <animate
                    attributeName="offset"
                    dur="1.5s"
                    keyTimes="0; 0.25; 1"
                    repeatCount="indefinite"
                    values="0; 0; 1.6"
                  />
                </stop>
              </lineargradient>
            </defs>
          </svg>
        </div>
      </div>
    </div>
  </div>
</DocumentFragment>
`;
